#-----------------------------------------------------------
# Vivado v2019.1 (64-bit)
# SW Build 2552052 on Fri May 24 14:49:42 MDT 2019
# IP Build 2548770 on Fri May 24 18:01:18 MDT 2019
# Start of session at: Wed Sep  8 01:22:58 2021
# Process ID: 25140
# Current directory: C:/Users/Chase/Documents/GitHub/Arty-7-FPGA/softcoreShiftPID
# Command line: vivado.exe -gui_launcher_event rodinguilauncherevent23460 C:\Users\Chase\Documents\GitHub\Arty-7-FPGA\softcoreShiftPID\softcoreShiftPID.xpr
# Log file: C:/Users/Chase/Documents/GitHub/Arty-7-FPGA/softcoreShiftPID/vivado.log
# Journal file: C:/Users/Chase/Documents/GitHub/Arty-7-FPGA/softcoreShiftPID\vivado.jou
#-----------------------------------------------------------
start_gui
open_project C:/Users/Chase/Documents/GitHub/Arty-7-FPGA/softcoreShiftPID/softcoreShiftPID.xpr
launch_sdk -workspace C:/Users/Chase/Documents/GitHub/Arty-7-FPGA/softcoreShiftPID/softcoreShiftPID.sdk -hwspec C:/Users/Chase/Documents/GitHub/Arty-7-FPGA/softcoreShiftPID/softcoreShiftPID.sdk/design_1_wrapper.hdf
update_compile_order -fileset sources_1
